[09:04:57.703] [INFO] storybook v10.1.11
[09:04:58.552] [ERROR] [38;2;241;97;97mSB_CORE-SERVER_0007 (MainFileEvaluationError): Storybook couldn't evaluate your [33m.storybook\main.ts[39m file.

Original error:
[37mError [ERR_MODULE_NOT_FOUND]: Cannot find package 'vite-tsconfig-paths' imported from \.storybook\main.ts
Did you mean to import "vite-tsconfig-paths/dist/index.js"?
    at Object.getPackageJSONURL (node:internal/modules/package_json_reader:316:9)
    at packageResolve (node:internal/modules/esm/resolve:768:81)
    at moduleResolve (node:internal/modules/esm/resolve:858:18)
    at defaultResolve (node:internal/modules/esm/resolve:990:11)
    at nextResolve (node:internal/modules/esm/hooks:748:28)
    at Hooks.resolve (node:internal/modules/esm/hooks:240:30)
    at handleMessage (node:internal/modules/esm/worker:201:24)
    at Immediate.checkForMessages [as _onImmediate] (node:internal/modules/esm/worker:143:28)
    at process.processImmediate (node:internal/timers:505:21)[39m[39m
    at loadMainConfig (file:///C:/Users/leesd/Desktop/wordspace/hanaro8/techBlog/my-app/node_modules/.pnpm/storybook@10.1.11_@testing-_542812fe79983dab9975b048bc99184d/node_modules/storybook/dist/_node-chunks/chunk-Q4DOC7HF.js:11701:11)
    at async buildDevStandalone (file:///C:/Users/leesd/Desktop/wordspace/hanaro8/techBlog/my-app/node_modules/.pnpm/storybook@10.1.11_@testing-_542812fe79983dab9975b048bc99184d/node_modules/storybook/dist/core-server/index.js:7149:16)
    at async withTelemetry (file:///C:/Users/leesd/Desktop/wordspace/hanaro8/techBlog/my-app/node_modules/.pnpm/storybook@10.1.11_@testing-_542812fe79983dab9975b048bc99184d/node_modules/storybook/dist/_node-chunks/chunk-2372JZ52.js:209:12)
    at async dev (file:///C:/Users/leesd/Desktop/wordspace/hanaro8/techBlog/my-app/node_modules/.pnpm/storybook@10.1.11_@testing-_542812fe79983dab9975b048bc99184d/node_modules/storybook/dist/bin/core.js:2734:3)
    at async _Command.<anonymous> (file:///C:/Users/leesd/Desktop/wordspace/hanaro8/techBlog/my-app/node_modules/.pnpm/storybook@10.1.11_@testing-_542812fe79983dab9975b048bc99184d/node_modules/storybook/dist/bin/core.js:2801:92)
[09:04:58.559] [WARN] Broken build, fix the error above.
You may need to refresh the browser.
[09:04:58.576] [WARN]   Failed to load preset: "C:/Users/leesd/Desktop/wordspace/hanaro8/techBlog/my-app/.storybook/main.ts"
[09:04:58.576] [ERROR] Error [ERR_MODULE_NOT_FOUND]: Cannot find package 'vite-tsconfig-paths' imported from .\.storybook\main.ts
Did you mean to import "vite-tsconfig-paths/dist/index.js"?
    at Object.getPackageJSONURL (node:internal/modules/package_json_reader:316:9)
    at packageResolve (node:internal/modules/esm/resolve:768:81)
    at moduleResolve (node:internal/modules/esm/resolve:858:18)
    at defaultResolve (node:internal/modules/esm/resolve:990:11)
    at nextResolve (node:internal/modules/esm/hooks:748:28)
    at Hooks.resolve (node:internal/modules/esm/hooks:240:30)
    at handleMessage (node:internal/modules/esm/worker:201:24)
    at Immediate.checkForMessages [as _onImmediate] (node:internal/modules/esm/worker:143:28)
    at process.processImmediate (node:internal/timers:505:21)